[theordinary.com/index.html]
[backblue.gif]
[fade.gif]
[index.html]
[theordinary.com/favicon.ico]
[theordinary.com/images/fb-preview.jpg]
[store.deciem.com/CrossBar/content/minified/store.deciem.com.deciembar2cdc.css]
[connect.facebook.net/en_US/fbevents.js]
[www.dwin1.com/6980.js]
[theordinary.com/bundles/csstyles56ef.css]
[store.deciem.com/CrossBar/images/sitelogos/NID.png]
[store.deciem.com/CrossBar/images/sitelogos/HLM.png]
[store.deciem.com/CrossBar/images/sitelogos/HCH.png]
[store.deciem.com/CrossBar/images/sitelogos/RDN.png]
[store.deciem.com/CrossBar/images/sitelogos/STM.png]
[theordinary.com/bundles/jscriptc889]
[store.deciem.com/CrossBar/images/sitelogos/LPH.png]
[store.deciem.com/CrossBar/images/sitelogos/FNT.png]
[store.deciem.com/CrossBar/images/sitelogos/HIF.png]
[store.deciem.com/CrossBar/images/sitelogos/WRX.png]
[store.deciem.com/CrossBar/images/sitelogos/ABC.png]
[store.deciem.com/CrossBar/images/sitelogos/INH.png]
[store.deciem.com/CrossBar/images/sitelogos/HFT.png]
[store.deciem.com/CrossBar/images/sitelogos/WPK.png]
[store.deciem.com/CrossBar/images/sitelogos/STC.png]
[store.deciem.com/CrossBar/images/other.png]
[theordinary.com/WebResource3c4a.js]
[theordinary.com/ScriptResource5204.js]
[theordinary.com/ScriptResource750f.js]
[theordinary.com/about.html]
[theordinary.com/faq.html]
[theordinary.com/regimenguide.html]
[theordinary.com/vitcguide.html]
[theordinary.com/shadeguide.html]
[theordinary.com/product/rdn-granactive-retinoid-2pct-in-squalane-30mld2f3.html]
[theordinary.com/product/rdn-granactive-retinoid-5pct-in-squalane-30mld2f3.html]
[theordinary.com/product/rdn-advanced-retinoid-2pct-30mld2f3.html]
[theordinary.com/product/rdn-retinol-02pct-in-squalane-30mld2f3.html]
[theordinary.com/product/rdn-retinol-05pct-in-squalane-30mld2f3.html]
[theordinary.com/product/rdn-retinol-1pct-in-squalane-30mld2f3.html]
[theordinary.com/product/rdn-vitamin-c-suspension-30pct-in-silicone-30mld2f3.html]
[theordinary.com/product/rdn-vitamin-c-suspension-23pct-ha-spheres-2pct-30mld2f3.html]
[theordinary.com/product/rdn-100pct-l-ascorbic-acid-powder-20gd2f3.html]
[theordinary.com/product/rdn-ascorbyl-glucoside-solution-12pct-30mld2f3.html]
[theordinary.com/product/rdn-ascorbyl-tetraisopalmitate-solution-20pct-in-vitamin-f-30mld2f3.html]
[theordinary.com/product/rdn-magnesium-ascorbyl-phosphate-10pct-30mld2f3.html]
[theordinary.com/product/rdn-glycolic-acid-7pct-toning-solution-240mld2f3.html]
[theordinary.com/product/rdn-salicylic-acid-2pct-solution-30mld2f3.html]
[theordinary.com/product/rdn-azelaic-acid-suspension-10pct-30mld2f3.html]
[theordinary.com/product/rdn-lactic-acid-5pct-ha-2pct-30mld2f3.html]
[theordinary.com/product/rdn-lactic-acid-10pct-ha-2pct-30mld2f3.html]
[theordinary.com/product/rdn-mandelic-acid-10pct-ha-30mld2f3.html]
[theordinary.com/product/rdn-aha-30pct-bha-2pct-peeling-solution-30mld2f3.html]
[theordinary.com/product/rdn-alpha-lipoic-acid-5pct-30mld2f3.html]
[theordinary.com/product/rdn-resveratrol-3pct-ferulic-acid-3pct-30mld2f3.html]
[theordinary.com/product/rdn-euk-134-01pct-30mld2f3.html]
[theordinary.com/product/rdn-hyaluronic-acid-2pct-b5-30mld2f3.html]
[theordinary.com/product/rdn-marine-hyaluronics-30mld2f3.html]
[theordinary.com/product/rdn-natural-moisturizing-factors-ha-100mld2f3.html]
[theordinary.com/product/rdn-100pct-plant-derived-squalane-30mld2f3.html]
[theordinary.com/product/rdn-100pct-organic-cold-pressed-rose-hip-seed-oil-30mld2f3.html]
[theordinary.com/product/rdn-100pct-organic-cold-pressed-moroccan-argan-oil-30mld2f3.html]
[theordinary.com/product/rdn-100pct-cold-pressed-virgin-marula-oil-30mld2f3.html]
[theordinary.com/product/rdn-high-adherence-silicone-primer-30mld2f3.html]
[theordinary.com/product/rdn-high-spreadability-fluid-primer-30mld2f3.html]
[theordinary.com/product/rdn-niacinamide-10pct-zinc-1pct-30mld2f3.html]
[theordinary.com/product/rdn-buffet-30mld2f3.html]
[theordinary.com/product/rdn-matrixyl-10pct-ha-30mld2f3.html]
[theordinary.com/product/rdn-alpha-arbutin-2pct-ha-30mld2f3.html]
[theordinary.com/product/rdn-caffeine-solution-5pct-egcg-30mld2f3.html]
[theordinary.com/product/rdn-argireline-solution-10pct-30mld2f3.html]
[theordinary.com/product/rdn-serum-foundation-10-n-30mld2f3.html]
[theordinary.com/product/rdn-coverage-foundation-10-n-30mld2f3.html]
[theordinary.com/product/rdn-coverage-foundation-10-ns-30mld2f3.html]
[theordinary.com/product/rdn-serum-foundation-10-ns-30mld2f3.html]
[theordinary.com/product/rdn-serum-foundation-10-p-30mld2f3.html]
[theordinary.com/product/rdn-coverage-foundation-10-p-30mld2f3.html]
[theordinary.com/product/rdn-coverage-foundation-11-n-30mld2f3.html]
[theordinary.com/product/rdn-serum-foundation-11-n-30mld2f3.html]
[theordinary.com/product/rdn-coverage-foundation-11-p-30mld2f3.html]
[theordinary.com/product/rdn-serum-foundation-11-p-30mld2f3.html]
[theordinary.com/product/rdn-coverage-foundation-12-n-30mld2f3.html]
[theordinary.com/product/rdn-serum-foundation-12-n-30mld2f3.html]
[theordinary.com/product/rdn-coverage-foundation-12-p-30mld2f3.html]
[theordinary.com/product/rdn-serum-foundation-12-p-30mld2f3.html]
[theordinary.com/product/rdn-coverage-foundation-12-y-30mld2f3.html]
[theordinary.com/product/rdn-serum-foundation-12-y-30mld2f3.html]
[theordinary.com/product/rdn-coverage-foundation-12-yg-30mld2f3.html]
[theordinary.com/product/rdn-serum-foundation-12-yg-30mld2f3.html]
[theordinary.com/product/rdn-coverage-foundation-20-n-30mld2f3.html]
[theordinary.com/product/rdn-serum-foundation-20-n-30mld2f3.html]
[theordinary.com/product/rdn-coverage-foundation-20-p-30mld2f3.html]
[theordinary.com/product/rdn-serum-foundation-20-p-30mld2f3.html]
[theordinary.com/product/rdn-coverage-foundation-20-yg-30mld2f3.html]
[theordinary.com/product/rdn-serum-foundation-20-yg-30mld2f3.html]
[theordinary.com/product/rdn-serum-foundation-21-p-30mld2f3.html]
[theordinary.com/product/rdn-coverage-foundation-21-p-30mld2f3.html]
[theordinary.com/product/rdn-serum-foundation-21-y-30mld2f3.html]
[theordinary.com/product/rdn-coverage-foundation-21-y-30mld2f3.html]
[theordinary.com/product/rdn-coverage-foundation-30-r-30mld2f3.html]
[theordinary.com/product/rdn-serum-foundation-30-r-30mld2f3.html]
[theordinary.com/product/rdn-coverage-foundation-30-y-30mld2f3.html]
[theordinary.com/product/rdn-serum-foundation-30-y-30mld2f3.html]
[theordinary.com/product/rdn-coverage-foundation-31-r-30mld2f3.html]
[theordinary.com/product/rdn-serum-foundation-31-r-30mld2f3.html]
[theordinary.com/product/rdn-serum-foundation-31-y-30mld2f3.html]
[theordinary.com/product/rdn-coverage-foundation-31-y-30mld2f3.html]
[theordinary.com/product/rdn-serum-foundation-32-n-30mld2f3.html]
[theordinary.com/product/rdn-coverage-foundation-32-n-30mld2f3.html]
[theordinary.com/product/rdn-serum-foundation-32-r-30mld2f3.html]
[theordinary.com/product/rdn-coverage-foundation-32-r-30mld2f3.html]
[theordinary.com/product/rdn-coverage-foundation-33-n-30mld2f3.html]
[theordinary.com/product/rdn-serum-foundation-33-n-30mld2f3.html]
[theordinary.com/product/rdn-dropper-1pcd2f3.html]
[theordinary.com/product/rdn-the-no-brainer-setd2f3.html]
[theordinary.com/Images/awards/mobile/byrdie.jpg]
[theordinary.com/Images/awards/mobile/sundaytimesstyle.jpg]
[theordinary.com/Images/awards/mobile/cew.jpg]
[theordinary.com/Images/awards/mobile/reveal.jpg]
[theordinary.com/Images/awards/mobile/tatler.jpg]
[theordinary.com/Images/awards/mobile/grazia.jpg]
[theordinary.com/Images/awards/mobile/pool.jpg]
[theordinary.com/Images/awards/mobile/bazaar.jpg]
[theordinary.com/Images/awards/mobile/cosmo.jpg]
[theordinary.com/Images/awards/mobile/glamour.jpg]
[theordinary.com/Images/awards/mobile/itg.jpg]
[theordinary.com/Images/awards/mobile/look.jpg]
[theordinary.com/Images/awards/pool.jpg]
[theordinary.com/Images/awards/grazia.jpg]
[theordinary.com/Images/awards/tatler.jpg]
[theordinary.com/Images/awards/reveal.jpg]
[theordinary.com/Images/awards/cew.jpg]
[theordinary.com/Images/awards/sundaytimesstyle.jpg]
[theordinary.com/Images/awards/byrdie.jpg]
[theordinary.com/Images/awards/bazaar.jpg]
[theordinary.com/Images/awards/cosmo.jpg]
[theordinary.com/Images/awards/glamour.jpg]
[theordinary.com/Images/awards/itg.jpg]
[theordinary.com/Images/awards/look.jpg]
[theordinary.com/index.html]
[3bc01d2807fb1bc0d25c-a86d2521f1af8989841b9619f5314be5.ssl.cf1.rackcdn.com/countries/flags/all-flags-24-v2.png]
[3bc01d2807fb1bc0d25c-a86d2521f1af8989841b9619f5314be5.ssl.cf1.rackcdn.com/countries/flags/all-flags-48-v2.png]
[store.deciem.com/CrossBar/content/minified/store.deciem.com.deciembar2cdc.css]
[connect.facebook.net/en_US/fbevents.js]
[store.deciem.com/CrossBar/content/minified/store.deciem.com.deciembar296d.js]
[theordinary.com/fonts/ITCAvantGardeStd-Bold.woff2]
[theordinary.com/fonts/ITCAvantGardeStd-Bold.woff]
[theordinary.com/fonts/ITCAvantGardeStd-Bold.ttf]
[theordinary.com/fonts/bariol_regular-webfont.eot]
[theordinary.com/fonts/bariol_regular-webfontd41d.eot]
[theordinary.com/fonts/bariol_regular-webfont.woff]
[theordinary.com/fonts/bariol_regular-webfont.ttf]
[theordinary.com/images/fancybox_sprite.png]
[theordinary.com/images/fancybox_loading.gif]
[theordinary.com/images/fancybox_overlay.png]
[theordinary.com/images/fancybox_sprite@2x.png]
[theordinary.com/images/fancybox_loading@2x.gif]
[theordinary.com/bundles/csstyles56ef.css]
[theordinary.com/Images/logo.html]
[theordinary.com/WebResource3c4a.js]
[theordinary.com/ScriptResource5204.js]
[theordinary.com/ScriptResource750f.js]
[theordinary.com/Images/logo.svg]
[theordinary.com/about.html]
[theordinary.com/faq.html]
[theordinary.com/product/rdn-granactive-retinoid-2pct-in-squalane-30ml.html]
[theordinary.com/product/rdn-granactive-retinoid-5pct-in-squalane-30ml.html]
[theordinary.com/product/rdn-advanced-retinoid-2pct-30ml.html]
[theordinary.com/product/rdn-retinol-05pct-in-squalane-30ml.html]
[theordinary.com/product/rdn-retinol-1pct-in-squalane-30ml.html]
[theordinary.com/product/rdn-100pct-l-ascorbic-acid-powder-20g.html]
[theordinary.com/product/rdn-ascorbyl-glucoside-solution-12pct-30ml.html]
[theordinary.com/product/rdn-ascorbyl-tetraisopalmitate-solution-20pct-in-vitamin-f-30ml.html]
[theordinary.com/product/rdn-magnesium-ascorbyl-phosphate-10pct-30ml.html]
[theordinary.com/product/rdn-vitamin-c-suspension-23pct-ha-spheres-2pct-30ml.html]
[theordinary.com/product/rdn-vitamin-c-suspension-30pct-in-silicone-30ml.html]
[theordinary.com/product/rdn-aha-30pct-bha-2pct-peeling-solution-30ml.html]
[theordinary.com/product/rdn-alpha-lipoic-acid-5pct-30ml.html]
[theordinary.com/product/rdn-azelaic-acid-suspension-10pct-30ml.html]
[theordinary.com/product/rdn-glycolic-acid-7pct-toning-solution-240ml.html]
[theordinary.com/product/rdn-lactic-acid-5pct-ha-2pct-30ml.html]
[theordinary.com/product/rdn-lactic-acid-10pct-ha-2pct-30ml.html]
[theordinary.com/product/rdn-mandelic-acid-10pct-ha-30ml.html]
[theordinary.com/product/rdn-salicylic-acid-2pct-solution-30ml.html]
[theordinary.com/product/rdn-euk-134-01pct-30ml.html]
[theordinary.com/product/rdn-resveratrol-3pct-ferulic-acid-3pct-30ml.html]
[theordinary.com/product/rdn-100pct-organic-cold-pressed-moroccan-argan-oil-30ml.html]
[theordinary.com/product/rdn-100pct-organic-cold-pressed-rose-hip-seed-oil-30ml.html]
[theordinary.com/product/rdn-100pct-cold-pressed-virgin-marula-oil-30ml.html]
[theordinary.com/product/rdn-high-adherence-silicone-primer-30ml.html]
[theordinary.com/product/rdn-high-spreadability-fluid-primer-30ml.html]
[theordinary.com/product/rdn-hyaluronic-acid-2pct-b5-30ml.html]
[theordinary.com/product/rdn-marine-hyaluronics-30ml.html]
[theordinary.com/product/rdn-alpha-arbutin-2pct-ha-30ml.html]
[theordinary.com/product/rdn-argireline-solution-10pct-30ml.html]
[theordinary.com/product/rdn-buffet-30ml.html]
[theordinary.com/product/rdn-caffeine-solution-5pct-egcg-30ml.html]
[theordinary.com/product/rdn-matrixyl-10pct-ha-30ml.html]
[theordinary.com/product/rdn-niacinamide-10pct-zinc-1pct-30ml.html]
[theordinary.com/product/rdn-natural-moisturizing-factors-ha-100ml.html]
[theordinary.com/product/rdn-100pct-plant-derived-squalane-30ml.html]
[theordinary.com/regimenguide.html]
[theordinary.com/vitcguide.html]
[theordinary.com/dhaa.html]
[theordinary.com/Images/swatchpopup.jpg]
[theordinary.com/Images/swatchpopup-thumbnail.png]
[b42e5e58a46be85c9a8d-a86d2521f1af8989841b9619f5314be5.r29.cf1.rackcdn.com/products/rdn-colorswatch/1.0P.png]
[b42e5e58a46be85c9a8d-a86d2521f1af8989841b9619f5314be5.r29.cf1.rackcdn.com/products/rdn-colorswatch/1.0N.png]
[b42e5e58a46be85c9a8d-a86d2521f1af8989841b9619f5314be5.r29.cf1.rackcdn.com/products/rdn-colorswatch/1.0NS.png]
[b42e5e58a46be85c9a8d-a86d2521f1af8989841b9619f5314be5.r29.cf1.rackcdn.com/products/rdn-colorswatch/1.1P.png]
[b42e5e58a46be85c9a8d-a86d2521f1af8989841b9619f5314be5.r29.cf1.rackcdn.com/products/rdn-colorswatch/1.1N.png]
[b42e5e58a46be85c9a8d-a86d2521f1af8989841b9619f5314be5.r29.cf1.rackcdn.com/products/rdn-colorswatch/1.2N.png]
[b42e5e58a46be85c9a8d-a86d2521f1af8989841b9619f5314be5.r29.cf1.rackcdn.com/products/rdn-colorswatch/1.2P.png]
[b42e5e58a46be85c9a8d-a86d2521f1af8989841b9619f5314be5.r29.cf1.rackcdn.com/products/rdn-colorswatch/1.2Y.png]
[b42e5e58a46be85c9a8d-a86d2521f1af8989841b9619f5314be5.r29.cf1.rackcdn.com/products/rdn-colorswatch/1.2YG.png]
[b42e5e58a46be85c9a8d-a86d2521f1af8989841b9619f5314be5.r29.cf1.rackcdn.com/products/rdn-colorswatch/2.0P.png]
[b42e5e58a46be85c9a8d-a86d2521f1af8989841b9619f5314be5.r29.cf1.rackcdn.com/products/rdn-colorswatch/2.0N.png]
[b42e5e58a46be85c9a8d-a86d2521f1af8989841b9619f5314be5.r29.cf1.rackcdn.com/products/rdn-colorswatch/2.0YG.png]
[b42e5e58a46be85c9a8d-a86d2521f1af8989841b9619f5314be5.r29.cf1.rackcdn.com/products/rdn-colorswatch/2.1P.png]
[b42e5e58a46be85c9a8d-a86d2521f1af8989841b9619f5314be5.r29.cf1.rackcdn.com/products/rdn-colorswatch/2.1Y.png]
[b42e5e58a46be85c9a8d-a86d2521f1af8989841b9619f5314be5.r29.cf1.rackcdn.com/products/rdn-colorswatch/3.0R.png]
[b42e5e58a46be85c9a8d-a86d2521f1af8989841b9619f5314be5.r29.cf1.rackcdn.com/products/rdn-colorswatch/3.0Y.png]
[b42e5e58a46be85c9a8d-a86d2521f1af8989841b9619f5314be5.r29.cf1.rackcdn.com/products/rdn-colorswatch/3.1R.png]
[b42e5e58a46be85c9a8d-a86d2521f1af8989841b9619f5314be5.r29.cf1.rackcdn.com/products/rdn-colorswatch/3.1Y.png]
[b42e5e58a46be85c9a8d-a86d2521f1af8989841b9619f5314be5.r29.cf1.rackcdn.com/products/rdn-colorswatch/3.2N.png]
[b42e5e58a46be85c9a8d-a86d2521f1af8989841b9619f5314be5.r29.cf1.rackcdn.com/products/rdn-colorswatch/3.2R.png]
[b42e5e58a46be85c9a8d-a86d2521f1af8989841b9619f5314be5.r29.cf1.rackcdn.com/products/rdn-colorswatch/3.3N.png]
[theordinary.com/shadeguide.html]
[theordinary.com/images/social/2017-08-30-rdn-retinoids68b3.jpg]
[theordinary.com/product/rdn-retinol-02pct-in-squalane-30ml.html]
[theordinary.com/images/products/rdn-granactive-retinoid-2pct-in-squalane-30mlf7b6.png]
[theordinary.com/product/rdn-granactive-retinoid-2pct-in-squalane-30mld2f3.html]
[theordinary.com/images/products/rdn-granactive-retinoid-5pct-in-squalane-30mlf7b6.png]
[theordinary.com/product/rdn-granactive-retinoid-5pct-in-squalane-30mld2f3.html]
[theordinary.com/images/products/rdn-advanced-retinoid-2pct-30mlf7b6.png]
[theordinary.com/product/rdn-advanced-retinoid-2pct-30mld2f3.html]
[theordinary.com/images/products/rdn-retinol-02pct-in-squalane-30mlf7b6.png]
[theordinary.com/product/rdn-retinol-02pct-in-squalane-30mld2f3.html]
[theordinary.com/images/products/rdn-retinol-05pct-in-squalane-30mlf7b6.png]
[theordinary.com/product/rdn-retinol-05pct-in-squalane-30mld2f3.html]
[theordinary.com/images/products/rdn-retinol-1pct-in-squalane-30mlf7b6.png]
[theordinary.com/product/rdn-retinol-1pct-in-squalane-30mld2f3.html]
[theordinary.com/images/social/2017-08-21-rdn-vitamin-c-suspension-30pct-in-silicone-30ml68b3.jpg]
[theordinary.com/images/products/rdn-vitamin-c-suspension-30pct-in-silicone-30mlf7b6.png]
[theordinary.com/product/rdn-vitamin-c-suspension-30pct-in-silicone-30mld2f3.html]
[theordinary.com/images/social/2017-08-21-rdn-ascorbyl-vit-c68b3.jpg]
[theordinary.com/images/products/rdn-vitamin-c-suspension-23pct-ha-spheres-2pct-30mlf7b6.png]
[theordinary.com/product/rdn-vitamin-c-suspension-23pct-ha-spheres-2pct-30mld2f3.html]
[theordinary.com/images/products/rdn-100pct-l-ascorbic-acid-powder-20gf7b6.png]
[theordinary.com/product/rdn-100pct-l-ascorbic-acid-powder-20gd2f3.html]
[theordinary.com/images/products/rdn-ascorbyl-glucoside-solution-12pct-30mlf7b6.png]
[theordinary.com/product/rdn-ascorbyl-glucoside-solution-12pct-30mld2f3.html]
[theordinary.com/images/products/rdn-ascorbyl-tetraisopalmitate-solution-20pct-in-vitamin-f-30mlf7b6.png]
[theordinary.com/product/rdn-ascorbyl-tetraisopalmitate-solution-20pct-in-vitamin-f-30mld2f3.html]
[theordinary.com/images/products/rdn-magnesium-ascorbyl-phosphate-10pct-30mlf7b6.png]
[theordinary.com/product/rdn-magnesium-ascorbyl-phosphate-10pct-30mld2f3.html]
[theordinary.com/images/social/2017-08-21-rdn-aha-30pct-bha-2pct-peeling-solution-30ml68b3.jpg]
[theordinary.com/images/products/rdn-glycolic-acid-7pct-toning-solution-240mlf7b6.png]
[theordinary.com/product/rdn-glycolic-acid-7pct-toning-solution-240mld2f3.html]
[theordinary.com/images/social/2017-08-21-rdn-salicylic-acid-2pct-solution-15ml68b3.jpg]
[theordinary.com/images/products/rdn-salicylic-acid-2pct-solution-30mlf7b6.png]
[theordinary.com/product/rdn-salicylic-acid-2pct-solution-30mld2f3.html]
[theordinary.com/images/social/2017-08-21-rdn-azelaic-acid-suspension-10pct-30ml68b3.jpg]
[theordinary.com/images/products/rdn-azelaic-acid-suspension-10pct-30mlf7b6.png]
[theordinary.com/product/rdn-azelaic-acid-suspension-10pct-30mld2f3.html]
[theordinary.com/images/social/2017-08-22-Ordinary-Social-Ads-Awards68b3.jpg]
[theordinary.com/images/products/rdn-lactic-acid-5pct-ha-2pct-30mlf7b6.png]
[theordinary.com/product/rdn-lactic-acid-5pct-ha-2pct-30mld2f3.html]
[theordinary.com/images/products/rdn-lactic-acid-10pct-ha-2pct-30mlf7b6.png]
[theordinary.com/product/rdn-lactic-acid-10pct-ha-2pct-30mld2f3.html]
[theordinary.com/images/products/rdn-mandelic-acid-10pct-ha-30mlf7b6.png]
[theordinary.com/product/rdn-mandelic-acid-10pct-ha-30mld2f3.html]
[theordinary.com/images/social/2017-10-18-rdn-aha-30pct-bha-2pct-peeling-solution-30ml68b3.jpg]
[theordinary.com/images/products/rdn-aha-30pct-bha-2pct-peeling-solution-30mlf7b6.png]
[theordinary.com/product/rdn-aha-30pct-bha-2pct-peeling-solution-30mld2f3.html]
[theordinary.com/images/social/2017-08-21-rdn-alpha-lipoic-acid-5pct-30ml68b3.jpg]
[theordinary.com/images/products/rdn-alpha-lipoic-acid-5pct-30mlf7b6.png]
[theordinary.com/product/rdn-alpha-lipoic-acid-5pct-30mld2f3.html]
[theordinary.com/images/social/2017-08-30-rdn-resveratrol68b3.jpg]
[theordinary.com/images/products/rdn-resveratrol-3pct-ferulic-acid-3pct-30mlf7b6.png]
[theordinary.com/product/rdn-resveratrol-3pct-ferulic-acid-3pct-30mld2f3.html]
[theordinary.com/images/social/2017-09-08-euk68b3.jpg]
[theordinary.com/images/products/rdn-euk-134-01pct-30mlf7b6.png]
[theordinary.com/product/rdn-euk-134-01pct-30mld2f3.html]
[theordinary.com/images/social/2017-08-21-rdn-hyaluronic-acid-2pct-b5-30ml68b3.jpg]
[theordinary.com/images/products/rdn-hyaluronic-acid-2pct-b5-30mlf7b6.png]
[theordinary.com/product/rdn-hyaluronic-acid-2pct-b5-30mld2f3.html]
[theordinary.com/images/social/02-01-2017-rdn-marine-hyaluronics-30ml68b3.jpg]
[theordinary.com/images/products/rdn-marine-hyaluronics-30mlf7b6.png]
[theordinary.com/product/rdn-marine-hyaluronics-30mld2f3.html]
[theordinary.com/images/social/2017-06-05-Ordinary-Social-IG-Hydration68b3.jpg]
[theordinary.com/images/products/rdn-natural-moisturizing-factors-ha-100mlf7b6.png]
[theordinary.com/product/rdn-natural-moisturizing-factors-ha-100mld2f3.html]
[theordinary.com/product/rdn-natural-moisturizing-factors-ha-30ml.html]
[theordinary.com/images/social/2017-08-21-rdn-100pct-plant-derived-squalane-30ml68b3.jpg]
[theordinary.com/images/products/rdn-100pct-plant-derived-squalane-30mlf7b6.png]
[theordinary.com/product/rdn-100pct-plant-derived-squalane-30mld2f3.html]
[theordinary.com/images/social/2017-08-21-rose-hip-marula-argan68b3.jpg]
[theordinary.com/images/products/rdn-100pct-organic-cold-pressed-rose-hip-seed-oil-30mlf7b6.png]
[theordinary.com/product/rdn-100pct-organic-cold-pressed-rose-hip-seed-oil-30mld2f3.html]
[theordinary.com/images/social/2017-08-21-rdn-100pct-organic-cold-pressed-moroccan-argan-oil-30ml68b3.jpg]
[theordinary.com/images/products/rdn-100pct-organic-cold-pressed-moroccan-argan-oil-30mlf7b6.png]
[theordinary.com/product/rdn-100pct-organic-cold-pressed-moroccan-argan-oil-30mld2f3.html]
[theordinary.com/images/social/2017-08-21-rdn-100pct-cold-pressed-virgin-marula-oil-30ml68b3.jpg]
[theordinary.com/images/products/rdn-100pct-cold-pressed-virgin-marula-oil-30mlf7b6.png]
[theordinary.com/product/rdn-100pct-cold-pressed-virgin-marula-oil-30mld2f3.html]
[theordinary.com/images/products/rdn-high-adherence-silicone-primer-30mlf7b6.png]
[theordinary.com/product/rdn-high-adherence-silicone-primer-30mld2f3.html]
[theordinary.com/images/social/2017-08-21-rdn-high-spreadability-fluid-primer-30ml68b3.jpg]
[theordinary.com/images/products/rdn-high-spreadability-fluid-primer-30mlf7b6.png]
[theordinary.com/product/rdn-high-spreadability-fluid-primer-30mld2f3.html]
[theordinary.com/images/products/rdn-niacinamide-10pct-zinc-1pct-30mlf7b6.png]
[theordinary.com/product/rdn-niacinamide-10pct-zinc-1pct-30mld2f3.html]
[theordinary.com/images/products/rdn-buffet-30mlf7b6.png]
[theordinary.com/product/rdn-buffet-30mld2f3.html]
[theordinary.com/images/social/2017-08-21-rdn-matrixyl-10pct-ha-30ml68b3.jpg]
[theordinary.com/images/products/rdn-matrixyl-10pct-ha-30mlf7b6.png]
[theordinary.com/product/rdn-matrixyl-10pct-ha-30mld2f3.html]
[theordinary.com/images/products/rdn-alpha-arbutin-2pct-ha-30mlf7b6.png]
[theordinary.com/product/rdn-alpha-arbutin-2pct-ha-30mld2f3.html]
[theordinary.com/images/social/2017-08-21-rdn-caffeine-solution-5pct-egcg-30ml68b3.jpg]
[theordinary.com/images/products/rdn-caffeine-solution-5pct-egcg-30mlf7b6.png]
[theordinary.com/product/rdn-caffeine-solution-5pct-egcg-30mld2f3.html]
[theordinary.com/images/products/rdn-argireline-solution-10pct-30mlf7b6.png]
[theordinary.com/product/rdn-argireline-solution-10pct-30mld2f3.html]
[theordinary.com/product/rdn-serum-foundation-10-n-30ml.html]
[3bc01d2807fb1bc0d25c-a86d2521f1af8989841b9619f5314be5.ssl.cf1.rackcdn.com/products/rdn-colorswatch/1.0N.png]
[theordinary.com/product/rdn-serum-foundation-10-ns-30ml.html]
[3bc01d2807fb1bc0d25c-a86d2521f1af8989841b9619f5314be5.ssl.cf1.rackcdn.com/products/rdn-colorswatch/1.0NS.png]
[theordinary.com/product/rdn-serum-foundation-10-p-30ml.html]
[3bc01d2807fb1bc0d25c-a86d2521f1af8989841b9619f5314be5.ssl.cf1.rackcdn.com/products/rdn-colorswatch/1.0P.png]
[theordinary.com/product/rdn-serum-foundation-11-n-30ml.html]
[3bc01d2807fb1bc0d25c-a86d2521f1af8989841b9619f5314be5.ssl.cf1.rackcdn.com/products/rdn-colorswatch/1.1N.png]
[theordinary.com/product/rdn-serum-foundation-11-p-30ml.html]
[3bc01d2807fb1bc0d25c-a86d2521f1af8989841b9619f5314be5.ssl.cf1.rackcdn.com/products/rdn-colorswatch/1.1P.png]
[theordinary.com/product/rdn-serum-foundation-12-n-30ml.html]
[3bc01d2807fb1bc0d25c-a86d2521f1af8989841b9619f5314be5.ssl.cf1.rackcdn.com/products/rdn-colorswatch/1.2N.png]
[theordinary.com/product/rdn-serum-foundation-12-p-30ml.html]
[3bc01d2807fb1bc0d25c-a86d2521f1af8989841b9619f5314be5.ssl.cf1.rackcdn.com/products/rdn-colorswatch/1.2P.png]
[3bc01d2807fb1bc0d25c-a86d2521f1af8989841b9619f5314be5.ssl.cf1.rackcdn.com/products/rdn-colorswatch/1.2Y.png]
[theordinary.com/product/rdn-serum-foundation-12-y-30ml.html]
[theordinary.com/product/rdn-serum-foundation-12-yg-30ml.html]
[3bc01d2807fb1bc0d25c-a86d2521f1af8989841b9619f5314be5.ssl.cf1.rackcdn.com/products/rdn-colorswatch/1.2YG.png]
[theordinary.com/product/rdn-serum-foundation-20-n-30ml.html]
[3bc01d2807fb1bc0d25c-a86d2521f1af8989841b9619f5314be5.ssl.cf1.rackcdn.com/products/rdn-colorswatch/2.0N.png]
[theordinary.com/product/rdn-serum-foundation-20-p-30ml.html]
[3bc01d2807fb1bc0d25c-a86d2521f1af8989841b9619f5314be5.ssl.cf1.rackcdn.com/products/rdn-colorswatch/2.0P.png]
[theordinary.com/product/rdn-serum-foundation-20-yg-30ml.html]
[3bc01d2807fb1bc0d25c-a86d2521f1af8989841b9619f5314be5.ssl.cf1.rackcdn.com/products/rdn-colorswatch/2.0YG.png]
[theordinary.com/product/rdn-serum-foundation-21-p-30ml.html]
[3bc01d2807fb1bc0d25c-a86d2521f1af8989841b9619f5314be5.ssl.cf1.rackcdn.com/products/rdn-colorswatch/2.1P.png]
[theordinary.com/product/rdn-serum-foundation-21-y-30ml.html]
[3bc01d2807fb1bc0d25c-a86d2521f1af8989841b9619f5314be5.ssl.cf1.rackcdn.com/products/rdn-colorswatch/2.1Y.png]
[theordinary.com/product/rdn-serum-foundation-30-r-30ml.html]
[3bc01d2807fb1bc0d25c-a86d2521f1af8989841b9619f5314be5.ssl.cf1.rackcdn.com/products/rdn-colorswatch/3.0R.png]
[theordinary.com/product/rdn-serum-foundation-30-y-30ml.html]
[3bc01d2807fb1bc0d25c-a86d2521f1af8989841b9619f5314be5.ssl.cf1.rackcdn.com/products/rdn-colorswatch/3.0Y.png]
[theordinary.com/product/rdn-serum-foundation-31-r-30ml.html]
[3bc01d2807fb1bc0d25c-a86d2521f1af8989841b9619f5314be5.ssl.cf1.rackcdn.com/products/rdn-colorswatch/3.1R.png]
[theordinary.com/product/rdn-serum-foundation-31-y-30ml.html]
[3bc01d2807fb1bc0d25c-a86d2521f1af8989841b9619f5314be5.ssl.cf1.rackcdn.com/products/rdn-colorswatch/3.1Y.png]
[3bc01d2807fb1bc0d25c-a86d2521f1af8989841b9619f5314be5.ssl.cf1.rackcdn.com/products/rdn-colorswatch/3.2N.png]
[theordinary.com/product/rdn-serum-foundation-32-n-30ml.html]
[theordinary.com/product/rdn-serum-foundation-32-r-30ml.html]
[3bc01d2807fb1bc0d25c-a86d2521f1af8989841b9619f5314be5.ssl.cf1.rackcdn.com/products/rdn-colorswatch/3.2R.png]
[theordinary.com/product/rdn-serum-foundation-33-n-30ml.html]
[3bc01d2807fb1bc0d25c-a86d2521f1af8989841b9619f5314be5.ssl.cf1.rackcdn.com/products/rdn-colorswatch/3.3N.png]
[theordinary.com/images/products/rdn-serum-foundation-10-n-30mlf7b6.png]
[theordinary.com/product/rdn-serum-foundation-10-n-30mld2f3.html]
[3bc01d2807fb1bc0d25c-a86d2521f1af8989841b9619f5314be5.ssl.cf1.rackcdn.com/products/rdn-colorbrush/1.0N.png]
[theordinary.com/product/rdn-coverage-foundation-10-n-30ml.html]
[theordinary.com/product/rdn-coverage-foundation-10-ns-30ml.html]
[theordinary.com/product/rdn-coverage-foundation-10-p-30ml.html]
[theordinary.com/product/rdn-coverage-foundation-11-n-30ml.html]
[theordinary.com/product/rdn-coverage-foundation-11-p-30ml.html]
[theordinary.com/product/rdn-coverage-foundation-12-n-30ml.html]
[theordinary.com/product/rdn-coverage-foundation-12-p-30ml.html]
[theordinary.com/product/rdn-coverage-foundation-12-y-30ml.html]
[theordinary.com/product/rdn-coverage-foundation-12-yg-30ml.html]
[theordinary.com/product/rdn-coverage-foundation-20-n-30ml.html]
[theordinary.com/product/rdn-coverage-foundation-20-p-30ml.html]
[theordinary.com/product/rdn-coverage-foundation-20-yg-30ml.html]
[theordinary.com/product/rdn-coverage-foundation-21-p-30ml.html]
[theordinary.com/product/rdn-coverage-foundation-21-y-30ml.html]
[theordinary.com/product/rdn-coverage-foundation-30-r-30ml.html]
[theordinary.com/product/rdn-coverage-foundation-30-y-30ml.html]
[theordinary.com/product/rdn-coverage-foundation-31-r-30ml.html]
[theordinary.com/product/rdn-coverage-foundation-31-y-30ml.html]
[theordinary.com/product/rdn-coverage-foundation-32-n-30ml.html]
[theordinary.com/product/rdn-coverage-foundation-32-r-30ml.html]
[theordinary.com/product/rdn-coverage-foundation-33-n-30ml.html]
[theordinary.com/images/products/rdn-coverage-foundation-10-n-30mlf7b6.png]
[theordinary.com/product/rdn-coverage-foundation-10-n-30mld2f3.html]
[theordinary.com/images/products/rdn-coverage-foundation-10-ns-30mlf7b6.png]
[3bc01d2807fb1bc0d25c-a86d2521f1af8989841b9619f5314be5.ssl.cf1.rackcdn.com/products/rdn-colorbrush/1.0NS.png]
[theordinary.com/product/rdn-coverage-foundation-10-ns-30mld2f3.html]
[theordinary.com/images/products/rdn-serum-foundation-10-ns-30mlf7b6.png]
[theordinary.com/product/rdn-serum-foundation-10-ns-30mld2f3.html]
[theordinary.com/images/products/rdn-serum-foundation-10-p-30mlf7b6.png]
[3bc01d2807fb1bc0d25c-a86d2521f1af8989841b9619f5314be5.ssl.cf1.rackcdn.com/products/rdn-colorbrush/1.0P.png]
[theordinary.com/product/rdn-serum-foundation-10-p-30mld2f3.html]
[theordinary.com/images/products/rdn-coverage-foundation-10-p-30mlf7b6.png]
[theordinary.com/product/rdn-coverage-foundation-10-p-30mld2f3.html]
[theordinary.com/images/products/rdn-coverage-foundation-11-n-30mlf7b6.png]
[3bc01d2807fb1bc0d25c-a86d2521f1af8989841b9619f5314be5.ssl.cf1.rackcdn.com/products/rdn-colorbrush/1.1N.png]
[theordinary.com/product/rdn-coverage-foundation-11-n-30mld2f3.html]
[theordinary.com/images/products/rdn-serum-foundation-11-n-30mlf7b6.png]
[theordinary.com/product/rdn-serum-foundation-11-n-30mld2f3.html]
[theordinary.com/images/products/rdn-coverage-foundation-11-p-30mlf7b6.png]
[theordinary.com/product/rdn-coverage-foundation-11-p-30mld2f3.html]
[3bc01d2807fb1bc0d25c-a86d2521f1af8989841b9619f5314be5.ssl.cf1.rackcdn.com/products/rdn-colorbrush/1.1P.png]
[theordinary.com/images/products/rdn-serum-foundation-11-p-30mlf7b6.png]
[theordinary.com/product/rdn-serum-foundation-11-p-30mld2f3.html]
[theordinary.com/images/products/rdn-coverage-foundation-12-n-30mlf7b6.png]
[3bc01d2807fb1bc0d25c-a86d2521f1af8989841b9619f5314be5.ssl.cf1.rackcdn.com/products/rdn-colorbrush/1.2N.png]
[theordinary.com/product/rdn-coverage-foundation-12-n-30mld2f3.html]
[theordinary.com/images/products/rdn-serum-foundation-12-n-30mlf7b6.png]
[theordinary.com/product/rdn-serum-foundation-12-n-30mld2f3.html]
[theordinary.com/images/products/rdn-coverage-foundation-12-p-30mlf7b6.png]
[3bc01d2807fb1bc0d25c-a86d2521f1af8989841b9619f5314be5.ssl.cf1.rackcdn.com/products/rdn-colorbrush/1.2P.png]
[theordinary.com/product/rdn-coverage-foundation-12-p-30mld2f3.html]
[theordinary.com/images/products/rdn-serum-foundation-12-p-30mlf7b6.png]
[theordinary.com/product/rdn-serum-foundation-12-p-30mld2f3.html]
[theordinary.com/images/products/rdn-coverage-foundation-12-y-30mlf7b6.png]
[3bc01d2807fb1bc0d25c-a86d2521f1af8989841b9619f5314be5.ssl.cf1.rackcdn.com/products/rdn-colorbrush/1.2Y.png]
[theordinary.com/product/rdn-coverage-foundation-12-y-30mld2f3.html]
[theordinary.com/images/products/rdn-serum-foundation-12-y-30mlf7b6.png]
[theordinary.com/product/rdn-serum-foundation-12-y-30mld2f3.html]
[theordinary.com/images/products/rdn-coverage-foundation-12-yg-30mlf7b6.png]
[3bc01d2807fb1bc0d25c-a86d2521f1af8989841b9619f5314be5.ssl.cf1.rackcdn.com/products/rdn-colorbrush/1.2YG.png]
[theordinary.com/product/rdn-coverage-foundation-12-yg-30mld2f3.html]
[theordinary.com/images/products/rdn-serum-foundation-12-yg-30mlf7b6.png]
[theordinary.com/product/rdn-serum-foundation-12-yg-30mld2f3.html]
[theordinary.com/images/products/rdn-coverage-foundation-20-n-30mlf7b6.png]
[3bc01d2807fb1bc0d25c-a86d2521f1af8989841b9619f5314be5.ssl.cf1.rackcdn.com/products/rdn-colorbrush/2.0N.png]
[theordinary.com/product/rdn-coverage-foundation-20-n-30mld2f3.html]
[theordinary.com/images/products/rdn-serum-foundation-20-n-30mlf7b6.png]
[theordinary.com/product/rdn-serum-foundation-20-n-30mld2f3.html]
[theordinary.com/images/products/rdn-coverage-foundation-20-p-30mlf7b6.png]
[3bc01d2807fb1bc0d25c-a86d2521f1af8989841b9619f5314be5.ssl.cf1.rackcdn.com/products/rdn-colorbrush/2.0P.png]
[theordinary.com/product/rdn-coverage-foundation-20-p-30mld2f3.html]
[theordinary.com/images/products/rdn-serum-foundation-20-p-30mlf7b6.png]
[theordinary.com/product/rdn-serum-foundation-20-p-30mld2f3.html]
[theordinary.com/images/products/rdn-coverage-foundation-20-yg-30mlf7b6.png]
[3bc01d2807fb1bc0d25c-a86d2521f1af8989841b9619f5314be5.ssl.cf1.rackcdn.com/products/rdn-colorbrush/2.0YG.png]
[theordinary.com/product/rdn-coverage-foundation-20-yg-30mld2f3.html]
[theordinary.com/images/products/rdn-serum-foundation-20-yg-30mlf7b6.png]
[theordinary.com/product/rdn-serum-foundation-20-yg-30mld2f3.html]
[theordinary.com/images/products/rdn-serum-foundation-21-p-30mlf7b6.png]
[theordinary.com/product/rdn-serum-foundation-21-p-30mld2f3.html]
[3bc01d2807fb1bc0d25c-a86d2521f1af8989841b9619f5314be5.ssl.cf1.rackcdn.com/products/rdn-colorbrush/2.1P.png]
[theordinary.com/images/products/rdn-coverage-foundation-21-p-30mlf7b6.png]
[theordinary.com/product/rdn-coverage-foundation-21-p-30mld2f3.html]
[theordinary.com/images/products/rdn-serum-foundation-21-y-30mlf7b6.png]
[3bc01d2807fb1bc0d25c-a86d2521f1af8989841b9619f5314be5.ssl.cf1.rackcdn.com/products/rdn-colorbrush/2.1Y.png]
[theordinary.com/product/rdn-serum-foundation-21-y-30mld2f3.html]
[theordinary.com/images/products/rdn-coverage-foundation-21-y-30mlf7b6.png]
[theordinary.com/product/rdn-coverage-foundation-21-y-30mld2f3.html]
[theordinary.com/images/products/rdn-coverage-foundation-30-r-30mlf7b6.png]
[3bc01d2807fb1bc0d25c-a86d2521f1af8989841b9619f5314be5.ssl.cf1.rackcdn.com/products/rdn-colorbrush/3.0R.png]
[theordinary.com/product/rdn-coverage-foundation-30-r-30mld2f3.html]
[theordinary.com/images/products/rdn-serum-foundation-30-r-30mlf7b6.png]
[theordinary.com/product/rdn-serum-foundation-30-r-30mld2f3.html]
[theordinary.com/images/products/rdn-coverage-foundation-30-y-30mlf7b6.png]
[3bc01d2807fb1bc0d25c-a86d2521f1af8989841b9619f5314be5.ssl.cf1.rackcdn.com/products/rdn-colorbrush/3.0Y.png]
[theordinary.com/product/rdn-coverage-foundation-30-y-30mld2f3.html]
[theordinary.com/images/products/rdn-serum-foundation-30-y-30mlf7b6.png]
[theordinary.com/product/rdn-serum-foundation-30-y-30mld2f3.html]
[theordinary.com/images/products/rdn-coverage-foundation-31-r-30mlf7b6.png]
[3bc01d2807fb1bc0d25c-a86d2521f1af8989841b9619f5314be5.ssl.cf1.rackcdn.com/products/rdn-colorbrush/3.1R.png]
[theordinary.com/product/rdn-coverage-foundation-31-r-30mld2f3.html]
[theordinary.com/images/products/rdn-serum-foundation-31-r-30mlf7b6.png]
[theordinary.com/product/rdn-serum-foundation-31-r-30mld2f3.html]
[theordinary.com/images/products/rdn-serum-foundation-31-y-30mlf7b6.png]
[3bc01d2807fb1bc0d25c-a86d2521f1af8989841b9619f5314be5.ssl.cf1.rackcdn.com/products/rdn-colorbrush/3.1Y.png]
[theordinary.com/product/rdn-serum-foundation-31-y-30mld2f3.html]
[theordinary.com/images/products/rdn-coverage-foundation-31-y-30mlf7b6.png]
[theordinary.com/product/rdn-coverage-foundation-31-y-30mld2f3.html]
[theordinary.com/images/products/rdn-serum-foundation-32-n-30mlf7b6.png]
[3bc01d2807fb1bc0d25c-a86d2521f1af8989841b9619f5314be5.ssl.cf1.rackcdn.com/products/rdn-colorbrush/3.2N.png]
[theordinary.com/product/rdn-serum-foundation-32-n-30mld2f3.html]
[theordinary.com/images/products/rdn-coverage-foundation-32-n-30mlf7b6.png]
[theordinary.com/product/rdn-coverage-foundation-32-n-30mld2f3.html]
[theordinary.com/images/products/rdn-serum-foundation-32-r-30mlf7b6.png]
[3bc01d2807fb1bc0d25c-a86d2521f1af8989841b9619f5314be5.ssl.cf1.rackcdn.com/products/rdn-colorbrush/3.2R.png]
[theordinary.com/product/rdn-serum-foundation-32-r-30mld2f3.html]
[theordinary.com/images/products/rdn-coverage-foundation-32-r-30mlf7b6.png]
[theordinary.com/product/rdn-coverage-foundation-32-r-30mld2f3.html]
[theordinary.com/images/products/rdn-coverage-foundation-33-n-30mlf7b6.png]
[3bc01d2807fb1bc0d25c-a86d2521f1af8989841b9619f5314be5.ssl.cf1.rackcdn.com/products/rdn-colorbrush/3.3N.png]
[theordinary.com/product/rdn-coverage-foundation-33-n-30mld2f3.html]
[theordinary.com/images/products/rdn-serum-foundation-33-n-30mlf7b6.png]
[theordinary.com/product/rdn-serum-foundation-33-n-30mld2f3.html]
[theordinary.com/images/products/rdn-dropper-1pcf7b6.png]
[theordinary.com/product/rdn-dropper-1pcd2f3.html]
[theordinary.com/images/products/rdn-the-no-brainer-setf7b6.png]
[theordinary.com/product/rdn-the-no-brainer-setd2f3.html]
[theordinary.com/fonts/bariol_regular-webfont.svg]
[theordinary.com/images/blank.html]
[theordinary.com/Images/quotation_open.svg]
[theordinary.com/Images/quotation_close.svg]
[theordinary.com/Images/q-a.svg]
[theordinary.com/Images/pw2-basket.svg]
[theordinary.com/Images/pw2-email.svg]
[theordinary.com/POST.html]
[theordinary.com/Firefox/index.html]
[theordinary.com/AppleWebKit/index.html]
[theordinary.com/Opera/index.html]
[theordinary.com/MicrosoftAjaxWebForms.html]
[theordinary.com/MicrosoftAjaxSerialization.html]
[theordinary.com/MicrosoftAjaxNetwork.html]
[theordinary.com/Images/icons/sun.svg]
[theordinary.com/Images/icons/moon.svg]
[theordinary.com/Images/icons/eye.svg]
[theordinary.com/Images/icons/avoid-contact.svg]
[theordinary.com/Images/icons/uv.svg]
[theordinary.com/product/rdn-granactive-retinoid-2pct-in-squalane-30ml.html]
[theordinary.com/product/rdn-granactive-retinoid-5pct-in-squalane-30ml.html]
[theordinary.com/product/rdn-advanced-retinoid-2pct-30ml.html]
[theordinary.com/product/rdn-retinol-05pct-in-squalane-30ml.html]
[theordinary.com/product/rdn-retinol-1pct-in-squalane-30ml.html]
[theordinary.com/product/rdn-100pct-l-ascorbic-acid-powder-20g.html]
[theordinary.com/product/rdn-ascorbyl-glucoside-solution-12pct-30ml.html]
[theordinary.com/product/rdn-ascorbyl-tetraisopalmitate-solution-20pct-in-vitamin-f-30ml.html]
[theordinary.com/product/rdn-magnesium-ascorbyl-phosphate-10pct-30ml.html]
[theordinary.com/product/rdn-vitamin-c-suspension-23pct-ha-spheres-2pct-30ml.html]
[theordinary.com/product/rdn-vitamin-c-suspension-30pct-in-silicone-30ml.html]
[theordinary.com/product/rdn-aha-30pct-bha-2pct-peeling-solution-30ml.html]
[theordinary.com/product/rdn-alpha-lipoic-acid-5pct-30ml.html]
[theordinary.com/product/rdn-azelaic-acid-suspension-10pct-30ml.html]
[theordinary.com/product/rdn-glycolic-acid-7pct-toning-solution-240ml.html]
[theordinary.com/product/rdn-lactic-acid-5pct-ha-2pct-30ml.html]
[theordinary.com/product/rdn-lactic-acid-10pct-ha-2pct-30ml.html]
[theordinary.com/product/rdn-mandelic-acid-10pct-ha-30ml.html]
[theordinary.com/product/rdn-salicylic-acid-2pct-solution-30ml.html]
[theordinary.com/product/rdn-euk-134-01pct-30ml.html]
[theordinary.com/product/rdn-resveratrol-3pct-ferulic-acid-3pct-30ml.html]
[theordinary.com/product/rdn-100pct-organic-cold-pressed-moroccan-argan-oil-30ml.html]
[theordinary.com/product/rdn-100pct-organic-cold-pressed-rose-hip-seed-oil-30ml.html]
[theordinary.com/product/rdn-100pct-cold-pressed-virgin-marula-oil-30ml.html]
[theordinary.com/product/rdn-high-adherence-silicone-primer-30ml.html]
[theordinary.com/product/rdn-high-spreadability-fluid-primer-30ml.html]
[theordinary.com/product/rdn-hyaluronic-acid-2pct-b5-30ml.html]
[theordinary.com/product/rdn-marine-hyaluronics-30ml.html]
[theordinary.com/product/rdn-alpha-arbutin-2pct-ha-30ml.html]
[theordinary.com/product/rdn-argireline-solution-10pct-30ml.html]
[theordinary.com/product/rdn-buffet-30ml.html]
[theordinary.com/product/rdn-caffeine-solution-5pct-egcg-30ml.html]
[theordinary.com/product/rdn-matrixyl-10pct-ha-30ml.html]
[theordinary.com/product/rdn-niacinamide-10pct-zinc-1pct-30ml.html]
[theordinary.com/product/rdn-natural-moisturizing-factors-ha-100ml.html]
[theordinary.com/product/rdn-100pct-plant-derived-squalane-30ml.html]
[theordinary.com/images/tube.svg]
[theordinary.com/images/bottle.svg]
[theordinary.com/dhaa.html]
[theordinary.com/Images/reviews.svg]
[theordinary.com/images/icons_yes.svg]
[theordinary.com/images/icons_no.svg]
[theordinary.com/product/rdn-retinol-02pct-in-squalane-30ml.html]
[theordinary.com/images/products/rdn-natural-moisturizing-factors-ha-30mlf7b6.png]
[theordinary.com/product/rdn-natural-moisturizing-factors-ha-30ml.html]
[theordinary.com/product/rdn-serum-foundation-10-n-30ml.html]
[theordinary.com/product/rdn-serum-foundation-10-ns-30ml.html]
[theordinary.com/product/rdn-serum-foundation-10-p-30ml.html]
[theordinary.com/product/rdn-serum-foundation-11-n-30ml.html]
[theordinary.com/product/rdn-serum-foundation-11-p-30ml.html]
[theordinary.com/product/rdn-serum-foundation-12-n-30ml.html]
[theordinary.com/product/rdn-serum-foundation-12-p-30ml.html]
[theordinary.com/product/rdn-serum-foundation-12-y-30ml.html]
[theordinary.com/product/rdn-serum-foundation-12-yg-30ml.html]
[theordinary.com/product/rdn-serum-foundation-20-n-30ml.html]
[theordinary.com/product/rdn-serum-foundation-20-p-30ml.html]
[theordinary.com/product/rdn-serum-foundation-20-yg-30ml.html]
[theordinary.com/product/rdn-serum-foundation-21-p-30ml.html]
[theordinary.com/product/rdn-serum-foundation-21-y-30ml.html]
[theordinary.com/product/rdn-serum-foundation-30-r-30ml.html]
[theordinary.com/product/rdn-serum-foundation-30-y-30ml.html]
[theordinary.com/product/rdn-serum-foundation-31-r-30ml.html]
[theordinary.com/product/rdn-serum-foundation-31-y-30ml.html]
[theordinary.com/product/rdn-serum-foundation-32-n-30ml.html]
[theordinary.com/product/rdn-serum-foundation-32-r-30ml.html]
[theordinary.com/product/rdn-serum-foundation-33-n-30ml.html]
[theordinary.com/product/rdn-coverage-foundation-10-n-30ml.html]
[theordinary.com/product/rdn-coverage-foundation-10-ns-30ml.html]
[theordinary.com/product/rdn-coverage-foundation-10-p-30ml.html]
[theordinary.com/product/rdn-coverage-foundation-11-n-30ml.html]
[theordinary.com/product/rdn-coverage-foundation-11-p-30ml.html]
[theordinary.com/product/rdn-coverage-foundation-12-n-30ml.html]
[theordinary.com/product/rdn-coverage-foundation-12-p-30ml.html]
[theordinary.com/product/rdn-coverage-foundation-12-y-30ml.html]
[theordinary.com/product/rdn-coverage-foundation-12-yg-30ml.html]
[theordinary.com/product/rdn-coverage-foundation-20-n-30ml.html]
[theordinary.com/product/rdn-coverage-foundation-20-p-30ml.html]
[theordinary.com/product/rdn-coverage-foundation-20-yg-30ml.html]
[theordinary.com/product/rdn-coverage-foundation-21-p-30ml.html]
[theordinary.com/product/rdn-coverage-foundation-21-y-30ml.html]
[theordinary.com/product/rdn-coverage-foundation-30-r-30ml.html]
[theordinary.com/product/rdn-coverage-foundation-30-y-30ml.html]
[theordinary.com/product/rdn-coverage-foundation-31-r-30ml.html]
[theordinary.com/product/rdn-coverage-foundation-31-y-30ml.html]
[theordinary.com/product/rdn-coverage-foundation-32-n-30ml.html]
[theordinary.com/product/rdn-coverage-foundation-32-r-30ml.html]
[theordinary.com/product/rdn-coverage-foundation-33-n-30ml.html]
[theordinary.com/Firefox.html]
[theordinary.com/AppleWebKit.html]
[theordinary.com/Opera.html]
[theordinary.com/Images/dhaa.svg]
